[cineflickcard.com/index.html]
[backblue.gif]
[fade.gif]
[index.html]
[cineflickcard.com/wp-content/litespeed/css/d4c4c26d0c479404b9af46ff00e9d38b033d.css]
[cineflickcard.com/wp-includes/js/jquery/jquery.minf43b.js]
[cineflickcard.com/feed/index.html]
[cineflickcard.com/wp-content/litespeed/js/a3c64f713661c2284b2d8627fd5eaee9c495.js]
[cineflickcard.com/comments/feed/index.html]
[cineflickcard.com/wp-content/litespeed/js/4774bebd44b247686b8c93de8402e0485324.js]
[cineflickcard.com/wp-json/wp/v2/pages/1040.json]
[cineflickcard.com/wp-json/index.html]
[cineflickcard.com/xmlrpc0db0.php]
[cineflickcard.com/wp-json/oembed/1.0/embedee63.json]
[cineflickcard.com/wp-json/oembed/1.0/embed6d90]
[cineflickcard.com/wp-content/uploads/2024/03/128x128.png]
[cineflickcard.com/wp-content/uploads/2024/03/LOGO.png]
[cineflickcard.com/wp-content/uploads/2024/03/tablet-not-celular-2.png]
[cineflickcard.com/wp-content/uploads/2024/03/Capa-video-S2.png]
[cineflickcard.com/wp-content/uploads/2024/06/C1-1.webp]
[cineflickcard.com/wp-content/uploads/2024/06/C6.webp]
[cineflickcard.com/wp-content/uploads/2024/06/C4.webp]
[cineflickcard.com/wp-content/uploads/2024/06/C3.webp]
[cineflickcard.com/wp-content/uploads/2024/06/C1-2.webp]
[cineflickcard.com/wp-content/uploads/2024/06/C7-1.webp]
[cineflickcard.com/wp-content/uploads/2024/06/C1-3.webp]
[cineflickcard.com/wp-content/uploads/2024/06/C10.webp]
[cineflickcard.com/wp-content/uploads/2024/06/C1.webp]
[cineflickcard.com/wp-content/uploads/2024/06/C9.webp]
[cineflickcard.com/wp-content/uploads/2024/06/C8.webp]
[cineflickcard.com/wp-content/uploads/2024/06/C2.webp]
[cineflickcard.com/wp-content/uploads/2024/03/TELA-CELULAR.png]
[cineflickcard.com/wp-content/uploads/2024/03/mockup-mac.png]
[cineflickcard.com/wp-content/uploads/2024/06/DEPOIMENTO-1-560x1024.webp]
[cineflickcard.com/wp-content/uploads/2024/06/DEPOIMENTO-2-562x1024.webp]
[cineflickcard.com/wp-content/uploads/2024/06/IMG-37.webp]
[cineflickcard.com/wp-content/uploads/2024/06/IMG-38.webp]
[cineflickcard.com/wp-content/uploads/2024/06/IMG-39.webp]
[cineflickcard.com/wp-content/uploads/2024/06/IMG-51-1.webp]
[cineflickcard.com/wp-content/uploads/2024/07/IMG-27.webp]
[cineflickcard.com/wp-content/uploads/2024/06/IMG-40.webp]
[cineflickcard.com/wp-content/uploads/2024/06/IMG-42.webp]
[cineflickcard.com/wp-content/uploads/2024/06/IMG-44.webp]
[cineflickcard.com/wp-content/uploads/2024/06/IMG-45.webp]
[cineflickcard.com/wp-content/uploads/2024/06/IMG-46.webp]
[cineflickcard.com/wp-content/uploads/2024/06/IMG-47.webp]
[cineflickcard.com/wp-content/uploads/2024/06/IMG-51.webp]
[cineflickcard.com/wp-content/uploads/2024/06/IMG-50.webp]
[cineflickcard.com/wp-content/uploads/2024/06/IMG-49.webp]
[cineflickcard.com/wp-content/uploads/2024/06/IMG-52.webp]
[cineflickcard.com/wp-content/uploads/2024/06/IMG-48.webp]
[cineflickcard.com/wp-content/uploads/2024/06/IMG-36.webp]
[cineflickcard.com/wp-content/uploads/2024/06/IMG-35.webp]
[cineflickcard.com/wp-content/uploads/2024/06/IMG-34.webp]
[cineflickcard.com/wp-content/uploads/2024/06/IMG-33.webp]
[cineflickcard.com/wp-content/uploads/2024/06/IMG-28.webp]
[cineflickcard.com/wp-content/uploads/2024/07/IMG-52.webp]
[cineflickcard.com/wp-content/uploads/2024/07/IMG-53.webp]
[cineflickcard.com/wp-content/uploads/2024/07/IMG-55.webp]
[cineflickcard.com/wp-content/uploads/2024/03/adultos-1.png]
[cineflickcard.com/wp-content/uploads/2024/03/Canais-2.png]
[cineflickcard.com/wp-content/uploads/2024/03/Esportes-5.png]
[cineflickcard.com/wp-content/uploads/2024/03/Animes-4.png]
[cineflickcard.com/wp-content/uploads/2024/03/BBB-3.png]
[cineflickcard.com/wp-content/uploads/2024/03/FAQ-1.png]
[cineflickcard.com/wp-content/uploads/2024/03/selo_280px-300x300-1-1.png]
[cineflickcard.com/wp-content/uploads/2024/03/APMs_LINK-04-1-1.png]
[cineflickcard.com/wp-content/uploads/2024/03/reclame-aqui.webp]
[cineflickcard.com/wp-content/litespeed/js/74fbb14fa081ac568fc5ec2f2946b09da6b8.js]
[cineflickcard.com/wp-content/litespeed/js/acd4daecaabd0773357a9e4ea3190aa979c1.js]
[cineflickcard.com/wp-content/litespeed/js/1646b12c37894919d3c7fed07d46e40c9b4c.js]
[cineflickcard.com/wp-content/litespeed/js/ee9c0c1aeff8d9dc86476716844f4e00b313.js]
[cineflickcard.com/wp-content/litespeed/js/f5f138d3eed8d7706a0d79c1447d1f8270cb.js]
[cineflickcard.com/wp-content/litespeed/js/0485806b5e455470e7f861f58cffa652d80b.js]
[cineflickcard.com/wp-content/litespeed/js/cc138e5f912326741259b3665534fc03003c.js]
[cineflickcard.com/wp-content/litespeed/js/e4a7e30b9c101c3e62d627bb26fca7635828.js]
[cineflickcard.com/wp-content/litespeed/js/8e55ed1146b0c3a1a8064ec52b68929548f3.js]
[cineflickcard.com/wp-content/litespeed/js/c36014b4ddd0d6fc41327a84b5ebf9f5dbd5.js]
[cineflickcard.com/wp-content/litespeed/js/4f92e2469d23f720e31e37d895aafce79c04.js]
[cineflickcard.com/wp-content/litespeed/js/76a2828f12ec27e61d0dbc94135e177e9748.js]
[cineflickcard.com/index.html]
[cineflickcard.com/wp-content/litespeed/js/03b4ead7f202a24b2c7f7371d2393cb4bfef.js]
[cineflickcard.com/wp-content/plugins/elementor/assets/lib/eicons/fonts/eicons8016.woff2]
[cineflickcard.com/wp-content/plugins/elementor/assets/lib/eicons/fonts/eicons8016.eot]
[cineflickcard.com/wp-content/plugins/elementor/assets/lib/eicons/fonts/eicons8016.ttf]
[cineflickcard.com/wp-content/plugins/essential-addons-for-elementor-lite/assets/admin/images/templately/logo-icon.svg]
[cineflickcard.com/wp-content/plugins/elementor/assets/lib/eicons/fonts/eicons8016.svg]
[cineflickcard.com/wp-content/plugins/elementor/assets/lib/eicons/fonts/eicons8016.woff]
[cineflickcard.com/wp-content/plugins/elementor/assets/lib/font-awesome/webfonts/fa-brands-400.eot]
[cineflickcard.com/wp-content/plugins/elementor/assets/lib/font-awesome/webfonts/fa-brands-400.woff2]
[cineflickcard.com/wp-content/plugins/elementor/assets/lib/font-awesome/webfonts/fa-brands-400d41d.eot]
[cineflickcard.com/wp-content/plugins/elementor/assets/lib/font-awesome/webfonts/fa-brands-400.woff]
[cineflickcard.com/wp-content/plugins/elementor/assets/lib/font-awesome/webfonts/fa-brands-400.ttf]
[cineflickcard.com/wp-content/plugins/elementor/assets/lib/font-awesome/webfonts/fa-regular-400.eot]
[cineflickcard.com/wp-content/plugins/elementor/assets/lib/font-awesome/webfonts/fa-regular-400d41d.eot]
[cineflickcard.com/wp-content/plugins/elementor/assets/lib/font-awesome/webfonts/fa-regular-400.woff2]
[cineflickcard.com/wp-content/plugins/elementor/assets/lib/font-awesome/webfonts/fa-brands-400.svg]
[cineflickcard.com/wp-content/plugins/elementor/assets/lib/font-awesome/webfonts/fa-regular-400.woff]
[cineflickcard.com/wp-content/plugins/elementor/assets/lib/font-awesome/webfonts/fa-regular-400.ttf]
[cineflickcard.com/wp-content/plugins/elementor/assets/lib/font-awesome/webfonts/fa-regular-400.svg]
[cineflickcard.com/wp-content/plugins/elementor/assets/lib/font-awesome/webfonts/fa-solid-900.eot]
[cineflickcard.com/wp-content/plugins/elementor/assets/lib/font-awesome/webfonts/fa-solid-900.woff2]
[cineflickcard.com/wp-content/plugins/elementor/assets/lib/font-awesome/webfonts/fa-solid-900d41d.eot]
[cineflickcard.com/wp-content/plugins/elementor/assets/lib/font-awesome/webfonts/fa-solid-900.woff]
[cineflickcard.com/wp-content/plugins/elementor/assets/lib/font-awesome/webfonts/fa-solid-900.ttf]
[cineflickcard.com/wp-content/uploads/2024/03/BG.jpg]
[cineflickcard.com/wp-content/litespeed/css/d4c4c26d0c479404b9af46ff00e9d38b033d.css]
[cineflickcard.com/wp-includes/js/jquery/jquery.minf43b.js]
[cineflickcard.com/wp-content/litespeed/js/a3c64f713661c2284b2d8627fd5eaee9c495.js]
[cineflickcard.com/wp-content/litespeed/js/4774bebd44b247686b8c93de8402e0485324.js]
[cineflickcard.com/wp-content/litespeed/js/74fbb14fa081ac568fc5ec2f2946b09da6b8.js]
[cineflickcard.com/e]
[cineflickcard.com/wp-content/litespeed/js/acd4daecaabd0773357a9e4ea3190aa979c1.js]
[cineflickcard.com/wp-content/litespeed/js/1646b12c37894919d3c7fed07d46e40c9b4c.js]
[cineflickcard.com/wp-content/litespeed/js/ee9c0c1aeff8d9dc86476716844f4e00b313.js]
[cineflickcard.com/wp-content/litespeed/js/f5f138d3eed8d7706a0d79c1447d1f8270cb.js]
[cineflickcard.com/wp-content/litespeed/js/0485806b5e455470e7f861f58cffa652d80b.js]
[cineflickcard.com/wp-content/litespeed/js/cc138e5f912326741259b3665534fc03003c.js]
[cineflickcard.com/wp-content/litespeed/js/e4a7e30b9c101c3e62d627bb26fca7635828.js]
[cineflickcard.com/wp-content/litespeed/js/8e55ed1146b0c3a1a8064ec52b68929548f3.js]
[cineflickcard.com/wp-content/litespeed/js/c36014b4ddd0d6fc41327a84b5ebf9f5dbd5.js]
[cineflickcard.com/wp-content/litespeed/js/4f92e2469d23f720e31e37d895aafce79c04.js]
[cineflickcard.com/Trident/index.html]
[cineflickcard.com/wp-content/plugins/elementor/assets/lib/font-awesome/webfonts/fa-solid-900.svg]
[cineflickcard.com/-negative.svg]
[cineflickcard.com/wp-content/litespeed/js/76a2828f12ec27e61d0dbc94135e177e9748.js]
[cineflickcard.com/window.location.href]
[cineflickcard.com/wp-content/litespeed/js/03b4ead7f202a24b2c7f7371d2393cb4bfef.js]
[cineflickcard.com/wp-content/plugins/elementor/assets/lib/eicons/fonts/eicons8016.svg]
[cineflickcard.com/wp-content/plugins/essential-addons-for-elementor-lite/assets/admin/images/templately/logo-icon.svg]
[cineflickcard.com/wp-content/plugins/elementor/assets/lib/font-awesome/webfonts/fa-brands-400.svg]
[cineflickcard.com/wp-content/plugins/elementor/assets/lib/font-awesome/webfonts/fa-regular-400.svg]
[cineflickcard.com/OPR/index.html]
[cineflickcard.com/wp-content/plugins/elementor/assets/lib/font-awesome/webfonts/fa-solid-900.svg]
[cineflickcard.com/Trident/index.html]
[cineflickcard.com/e.html]
[cineflickcard.com/-negative.html]
[cineflickcard.com/OPR/index.html]
[cineflickcard.com/window.location.html]
